 Semacpplibs

 Timestamp is 4caef671 (Fri Oct 08 12:46:09 2010)

 Preferred load address is 10000000

 Start         Length     Name                   Class
 0001:00000000 000030eeH .text                   CODE
 0001:000030f0 000006d7H .text$yc                CODE
 0002:00000000 00000008H .idata$5                DATA
 0002:00000008 00000004H .CRTMA$XCA              DATA
 0002:0000000c 000001a4H .CRTMA$XCC              DATA
 0002:000001b0 00000004H .CRTMA$XCU              DATA
 0002:000001b4 00000004H .CRTMA$XCZ              DATA
 0002:000001b8 00000004H .CRTVT$XCA              DATA
 0002:000001bc 00000004H .CRTVT$XCU              DATA
 0002:000001c0 00000004H .CRTVT$XCZ              DATA
 0002:000001d0 0000a988H .rdata                  DATA
 0002:0000ab58 00000014H .idata$2                DATA
 0002:0000ab6c 00000014H .idata$3                DATA
 0002:0000ab80 00000008H .idata$4                DATA
 0002:0000ab88 0000001aH .idata$6                DATA
 0002:0000aba2 00000000H .edata                  DATA
 0002:0000aba4 00000057H .rdata$debug            DATA
 0003:00000000 000000d0H .rsrc$01                DATA
 0003:000000d0 00000438H .rsrc$02                DATA

  Address         Publics by Value              Rva+Base       Lib:Object

 0000:00000000       ___safe_se_handler_table   00000000     <absolute>
 0000:00000000       ___safe_se_handler_count   00000000     <absolute>
 0000:00000001       ?IsDefaultDomain@CurrentDomain@<CrtImplementationDetails>@@$$Q2_NA 00000001     <absolute>
 0000:00000004       ?InitializedVtables@CurrentDomain@<CrtImplementationDetails>@@$$Q2W4State@Progress@2@A 00000004     <absolute>
 0000:00000004       __@@_PchSym_@00@UhvnzUkilqvxghUoryhUwlgmvgUhvnzxkkoryhUwvyftUhgwzucOlyq@ 00000004     <absolute>
 0000:00000004       ?Initialized@CurrentDomain@<CrtImplementationDetails>@@$$Q2HA 00000004     <absolute>
 0000:00000004       ?__onexitend_app_domain@@$$Q3PAP6MXXZA 00000004     <absolute>
 0000:00000004       ?_ref_count@AtExitLock@<CrtImplementationDetails>@@$$Q0HA 00000004     <absolute>
 0000:00000004       ?__onexitbegin_app_domain@@$$Q3PAP6MXXZA 00000004     <absolute>
 0000:00000004       ?InitializedNative@CurrentDomain@<CrtImplementationDetails>@@$$Q2W4State@Progress@2@A 00000004     <absolute>
 0000:00000004       ?InitializedPerProcess@CurrentDomain@<CrtImplementationDetails>@@$$Q2W4State@Progress@2@A 00000004     <absolute>
 0000:00000004       ?_lock@AtExitLock@<CrtImplementationDetails>@@$$Q0PAXA 00000004     <absolute>
 0000:00000004       ?__exit_list_size_app_domain@@$$Q3IA 00000004     <absolute>
 0000:00000004       ?Uninitialized@CurrentDomain@<CrtImplementationDetails>@@$$Q2HA 00000004     <absolute>
 0000:00000004       ?_forceCRTManifestRTM@@$$Q3HA 00000004     <absolute>
 0000:00000004       ?InitializedPerAppDomain@CurrentDomain@<CrtImplementationDetails>@@$$Q2W4State@Progress@2@A 00000004     <absolute>
 0000:00000005       ??_R2type_info@@8          00000005     <absolute>
 0000:00000008       ?__type_info_root_node@@$$Q3U__type_info_node@@A 00000008     <absolute>
 0000:00000008       ??_7type_info@@6B@         00000008     <absolute>
 0000:00000010       ??_R3type_info@@8          00000010     <absolute>
 0000:00000014       ??_R4type_info@@6B@        00000014     <absolute>
 0000:00000018       ??_R0?AVtype_info@@@8      00000018     <absolute>
 0000:0000001c       ??_R1A@?0A@EA@type_info@@8 0000001c     <absolute>
 0000:060000d4       ??3@$$FYAXPAX@Z            060000d4 f   <absolute>
 0000:060000d4       ??3@YAXPAX@Z               060000d4 f   <absolute>
 0000:060000d5       ??2@YAPAXI@Z               060000d5 f   <absolute>
 0000:060000d5       ??2@$$FYAPAXI@Z            060000d5 f   <absolute>
 0000:060000d6       _GetProcAddress@8          060000d6 f   <absolute>
 0000:060000d6       ?GetProcAddress@@$$J18YGP6GHXZPAUHINSTANCE__@@PBD@Z 060000d6 f   <absolute>
 0000:060000d7       _ReleaseActCtx@4           060000d7 f   <absolute>
 0000:060000d7       ?ReleaseActCtx@@$$J14YGXPAX@Z 060000d7 f   <absolute>
 0000:060000d8       ?DeactivateActCtx@@$$J18YGHKK@Z 060000d8 f   <absolute>
 0000:060000d8       _DeactivateActCtx@8        060000d8 f   <absolute>
 0000:060000d9       ?clock@@$$J0YAJXZ          060000d9 f   <absolute>
 0000:060000d9       _clock                     060000d9 f   <absolute>
 0000:060000da       ?ActivateActCtx@@$$J18YGHPAXPAK@Z 060000da f   <absolute>
 0000:060000da       _ActivateActCtx@8          060000da f   <absolute>
 0000:060000db       ?CreateActCtxW@@$$J14YGPAXPBUtagACTCTXW@@@Z 060000db f   <absolute>
 0000:060000db       _CreateActCtxW@4           060000db f   <absolute>
 0000:060000dc       _GetModuleHandleW@4        060000dc f   <absolute>
 0000:060000dc       ?GetModuleHandleW@@$$J14YGPAUHINSTANCE__@@PB_W@Z 060000dc f   <absolute>
 0000:060000dd       ?ThrowModuleLoadException@<CrtImplementationDetails>@@$$FYAXP$AAVString@System@@P$AAVException@3@@Z 060000dd f   <absolute>
 0000:060000dd       ?ThrowModuleLoadException@<CrtImplementationDetails>@@YAXP$AAVString@System@@P$AAVException@3@@Z 060000dd f   <absolute>
 0000:060000de       ?ThrowModuleLoadException@<CrtImplementationDetails>@@$$FYAXP$AAVString@System@@@Z 060000de f   <absolute>
 0000:060000de       ?ThrowModuleLoadException@<CrtImplementationDetails>@@YAXP$AAVString@System@@@Z 060000de f   <absolute>
 0000:060000df       ?DoDllLanguageSupportValidation@<CrtImplementationDetails>@@$$FYAXXZ 060000df f   <absolute>
 0000:060000df       ?DoDllLanguageSupportValidation@<CrtImplementationDetails>@@YAXXZ 060000df f   <absolute>
 0000:060000e0       ?ThrowNestedModuleLoadException@<CrtImplementationDetails>@@$$FYAXP$AAVException@System@@0@Z 060000e0 f   <absolute>
 0000:060000e0       ?ThrowNestedModuleLoadException@<CrtImplementationDetails>@@YAXP$AAVException@System@@0@Z 060000e0 f   <absolute>
 0000:060000e1       ?RegisterModuleUninitializer@<CrtImplementationDetails>@@$$FYAXP$AAVEventHandler@System@@@Z 060000e1 f   <absolute>
 0000:060000e1       ?RegisterModuleUninitializer@<CrtImplementationDetails>@@YAXP$AAVEventHandler@System@@@Z 060000e1 f   <absolute>
 0000:060000e2       ___AdjustPointer           060000e2 f   <absolute>
 0000:060000e2       ?__AdjustPointer@@$$J0YAPAXPAXABUPMD@@@Z 060000e2 f   <absolute>
 0000:060000e3       ?_inconsistency@@$$FYAXXZ  060000e3 f   <absolute>
 0000:060000e3       ?_inconsistency@@YAXXZ     060000e3 f   <absolute>
 0000:060000e4       ?_IsExceptionObjectToBeDestroyed@@$$J0YAHPAX@Z 060000e4 f   <absolute>
 0000:060000e4       __IsExceptionObjectToBeDestroyed 060000e4 f   <absolute>
 0000:060000e5       ?terminate@@$$FYAXXZ       060000e5 f   <absolute>
 0000:060000e5       ?terminate@@YAXXZ          060000e5 f   <absolute>
 0000:060000e6       ?_ValidateRead@@$$FYAHPBXI@Z 060000e6 f   <absolute>
 0000:060000e6       ?_ValidateRead@@YAHPBXI@Z  060000e6 f   <absolute>
 0000:060000e7       __getptd                   060000e7 f   <absolute>
 0000:060000e7       ?_getptd@@$$J0YAPAU_tiddata@@XZ 060000e7 f   <absolute>
 0000:060000e8       __CreateFrameInfo          060000e8 f   <absolute>
 0000:060000e8       ?_CreateFrameInfo@@$$J0YAPAUFrameInfo@@PAU1@PAX@Z 060000e8 f   <absolute>
 0000:060000e9       ?strcmp@@$$J0YAHPBD0@Z     060000e9 f   <absolute>
 0000:060000e9       _strcmp                    060000e9 f   <absolute>
 0000:060000ea       ?_ValidateWrite@@YAHPAXI@Z 060000ea f   <absolute>
 0000:060000ea       ?_ValidateWrite@@$$FYAHPAXI@Z 060000ea f   <absolute>
 0000:060000eb       __FindAndUnlinkFrame       060000eb f   <absolute>
 0000:060000eb       ?_FindAndUnlinkFrame@@$$J0YAXPAUFrameInfo@@@Z 060000eb f   <absolute>
 0000:060000ec       ?_ValidateExecute@@YAHP6GHXZ@Z 060000ec f   <absolute>
 0000:060000ec       ?_ValidateExecute@@$$FYAHP6GHXZ@Z 060000ec f   <absolute>
 0000:060000ed       _memmove                   060000ed f   <absolute>
 0000:060000ed       ?memmove@@$$J0YAPAXPAXPBXI@Z 060000ed f   <absolute>
 0000:060000ee       ?__FrameUnwindFilter@@$$J0YAHPAU_EXCEPTION_POINTERS@@@Z 060000ee f   <absolute>
 0000:060000ee       ___FrameUnwindFilter       060000ee f   <absolute>
 0000:060000ef       __encode_pointer           060000ef f   <absolute>
 0000:060000ef       ?_encode_pointer@@$$J0YAPAXPAX@Z 060000ef f   <absolute>
 0000:060000f0       __decode_pointer           060000f0 f   <absolute>
 0000:060000f0       ?_decode_pointer@@$$J0YAPAXPAX@Z 060000f0 f   <absolute>
 0000:060000f1       ?_encoded_null@@$$J0YAPAXXZ 060000f1 f   <absolute>
 0000:060000f1       __encoded_null             060000f1 f   <absolute>
 0000:060000f2       ?_CrtDbgReportW@@$$J0YAHHPB_WH00ZZ 060000f2 f   <absolute>
 0000:060000f2       __CrtDbgReportW            060000f2 f   <absolute>
 0000:060000f3       _strcpy_s                  060000f3 f   <absolute>
 0000:060000f3       ?strcpy_s@@$$J0YAHPADIPBD@Z 060000f3 f   <absolute>
 0000:060000f4       ?_malloc_base@@$$J0YAPAXI@Z 060000f4 f   <absolute>
 0000:060000f4       __malloc_base              060000f4 f   <absolute>
 0000:060000f5       __free_base                060000f5 f   <absolute>
 0000:060000f5       ?_free_base@@$$J0YAXPAX@Z  060000f5 f   <absolute>
 0000:060000f6       ___unDNameHelper           060000f6 f   <absolute>
 0000:060000f6       ?__unDNameHelper@@$$J0YAPAXPADPBDHG@Z 060000f6 f   <absolute>
 0000:060000f7       ?strlen@@$$J0YAIPBD@Z      060000f7 f   <absolute>
 0000:060000f7       _strlen                    060000f7 f   <absolute>
 0000:060000f8       __invoke_watson            060000f8 f   <absolute>
 0000:060000f8       ?_invoke_watson@@$$J0YAXPB_W00II@Z 060000f8 f   <absolute>
 0001:00000000       ?get@RS485WakeupByte@TSerialCommsPrimitive@Serial@Comms@CPP@Sema@@$$FQ$AAM_NXZ 10001000 f i comms.obj
 0001:00000018       ?set@RS485WakeupByte@TSerialCommsPrimitive@Serial@Comms@CPP@Sema@@$$FQ$AAMX_N@Z 10001018 f i comms.obj
 0001:0000002c       ?get@RS485WakeupByteCount@TSerialCommsPrimitive@Serial@Comms@CPP@Sema@@$$FQ$AAMHXZ 1000102c f i comms.obj
 0001:00000044       ?set@RS485WakeupByteCount@TSerialCommsPrimitive@Serial@Comms@CPP@Sema@@$$FQ$AAMXH@Z 10001044 f i comms.obj
 0001:00000058       ?get@ReadTimeout@TSerialCommsPrimitive@Serial@Comms@CPP@Sema@@$$FQ$AAMHXZ 10001058 f i comms.obj
 0001:00000070       ?set@ReadTimeout@TSerialCommsPrimitive@Serial@Comms@CPP@Sema@@$$FQ$AAMXH@Z 10001070 f i comms.obj
 0001:00000084       ?get@WriteTimeout@TSerialCommsPrimitive@Serial@Comms@CPP@Sema@@$$FQ$AAMHXZ 10001084 f i comms.obj
 0001:0000009c       ?set@WriteTimeout@TSerialCommsPrimitive@Serial@Comms@CPP@Sema@@$$FQ$AAMXH@Z 1000109c f i comms.obj
 0001:000000b0       ?get@EraseTimeout@TSerialCommsPrimitive@Serial@Comms@CPP@Sema@@$$FQ$AAMHXZ 100010b0 f i comms.obj
 0001:000000c8       ?set@EraseTimeout@TSerialCommsPrimitive@Serial@Comms@CPP@Sema@@$$FQ$AAMXH@Z 100010c8 f i comms.obj
 0001:000000dc       ?get@SetAutoModeTimeout@TSerialCommsPrimitive@Serial@Comms@CPP@Sema@@$$FQ$AAMHXZ 100010dc f i comms.obj
 0001:000000f4       ?set@SetAutoModeTimeout@TSerialCommsPrimitive@Serial@Comms@CPP@Sema@@$$FQ$AAMXH@Z 100010f4 f i comms.obj
 0001:00000108       ?get@ResetTimeout@TSerialCommsPrimitive@Serial@Comms@CPP@Sema@@$$FQ$AAMHXZ 10001108 f i comms.obj
 0001:00000120       ?set@ResetTimeout@TSerialCommsPrimitive@Serial@Comms@CPP@Sema@@$$FQ$AAMXH@Z 10001120 f i comms.obj
 0001:00000134       ?get@comport@TSerialCommsPrimitive@Serial@Comms@CPP@Sema@@$$FQ$AAMP$AAVSerialPort@Ports@IO@System@@XZ 10001134 f i comms.obj
 0001:0000014c       ?get@Baudrate@TSerialCommsPrimitive@Serial@Comms@CPP@Sema@@$$FQ$AAMHXZ 1000114c f i comms.obj
 0001:00000168       ??0TSerialCommsPrimitive@Serial@Comms@CPP@Sema@@$$FQ$AAM@XZ 10001168 f   comms.obj
 0001:000001c0       ?set@Baudrate@TSerialCommsPrimitive@Serial@Comms@CPP@Sema@@$$FQ$AAMXH@Z 100011c0 f   comms.obj
 0001:00000208       ?OpenComm@TSerialCommsPrimitive@Serial@Comms@CPP@Sema@@$$FU$AAM?AW4TSerialCommsResults@2345@P$AAVString@System@@@Z 10001208 f   comms.obj
 0001:000002ac       ?CloseComm@TSerialCommsPrimitive@Serial@Comms@CPP@Sema@@$$FU$AAM?AW4TSerialCommsResults@2345@XZ 100012ac f   comms.obj
 0001:000002f8       ?TransmitMessage@TGeneralSerialComms@Serial@Comms@CPP@Sema@@$$FA$AAM?AW4TSerialCommsResults@2345@XZ 100012f8 f   comms.obj
 0001:00000520       ?ReceiveMessage@TGeneralSerialComms@Serial@Comms@CPP@Sema@@$$FA$AAM?AW4TSerialCommsResults@2345@HH@Z 10001520 f   comms.obj
 0001:00000718       ??1TGeneralSerialComms@Serial@Comms@CPP@Sema@@$$FA$AAM@XZ 10001718 f   comms.obj
 0001:0000073c       ?Reset@TGeneralSerialComms@Serial@Comms@CPP@Sema@@$$FU$AAM?AW4TSerialCommsResults@2345@XZ 1000173c f   comms.obj
 0001:00000750       ??1TSerialCommsPrimitive@Serial@Comms@CPP@Sema@@$$FA$AAM@XZ 10001750 f   comms.obj
 0001:00000764       ?SendMessage@TGeneralSerialComms@Serial@Comms@CPP@Sema@@$$FA$AAM?AW4TSerialCommsResults@2345@HH@Z 10001764 f   comms.obj
 0001:000007e4       ?ReadMemory@TGeneralSerialComms@Serial@Comms@CPP@Sema@@$$FU$AAM?AW4TSerialCommsResults@2345@W4TMemArea@2345@HHPAE@Z 100017e4 f   comms.obj
 0001:00000960       ?ReadMemory@TGeneralSerialComms@Serial@Comms@CPP@Sema@@$$FU$AAM?AW4TSerialCommsResults@2345@W4TMemArea@2345@HHP$01AE@Z 10001960 f   comms.obj
 0001:00000adc       ?WriteMemory@TGeneralSerialComms@Serial@Comms@CPP@Sema@@$$FU$AAM?AW4TSerialCommsResults@2345@W4TMemArea@2345@HHPAE@Z 10001adc f   comms.obj
 0001:00000c54       ?WriteMemory@TGeneralSerialComms@Serial@Comms@CPP@Sema@@$$FU$AAM?AW4TSerialCommsResults@2345@W4TMemArea@2345@HHP$01AE@Z 10001c54 f   comms.obj
 0001:00000dcc       ?EraseFlash@TGeneralSerialComms@Serial@Comms@CPP@Sema@@$$FU$AAM?AW4TSerialCommsResults@2345@W4TMemArea@2345@H@Z 10001dcc f   comms.obj
 0001:00000e74       ?SetAutoComms@TGeneralSerialComms@Serial@Comms@CPP@Sema@@$$FU$AAM?AW4TSerialCommsResults@2345@HE@Z 10001e74 f   comms.obj
 0001:00000eec       ?Ping@TGeneralSerialComms@Serial@Comms@CPP@Sema@@$$FU$AAM?AW4TSerialCommsResults@2345@XZ 10001eec f   comms.obj
 0001:00000f4c       ??0TGeneralSerialComms@Serial@Comms@CPP@Sema@@$$FQ$AAM@XZ 10001f4c f   comms.obj
 0001:00000fcc       ?<Dispose>@TSerialCommsPrimitive@Serial@Comms@CPP@Sema@@$$FM$AAMX_N@Z 10001fcc f i comms.obj
 0001:00000fec       ?<Dispose>@TGeneralSerialComms@Serial@Comms@CPP@Sema@@$$FM$AAMX_N@Z 10001fec f i comms.obj
 0001:00001034       ?<Dispose>@TSerialCommsPrimitive@Serial@Comms@CPP@Sema@@$$FU$AAMXXZ 10002034 f i comms.obj
 0001:00001050       ??0TextBoxUtils@CPP@Sema@@$$FQ$AAM@XZ 10002050 f i FormUtils.obj
 0001:00001064       ??0ListViewUtils@CPP@Sema@@$$FQ$AAM@XZ 10002064 f i FormUtils.obj
 0001:00001078       ??0ComboBoxUtils@CPP@Sema@@$$FQ$AAM@XZ 10002078 f i FormUtils.obj
 0001:0000108c       ?ShowMemBuffer@TextBoxUtils@CPP@Sema@@$$FSMXP$01AEP$AAVTextBox@Forms@Windows@System@@P$AAVToolStripProgressBar@567@P$AAVProgressBar@567@HH@Z 1000208c f   FormUtils.obj
 0001:000011f4       ?PopulateListView@ListViewUtils@CPP@Sema@@$$FSMXPADP$AAVListView@Forms@Windows@System@@HH@Z 100021f4 f   FormUtils.obj
 0001:0000126c       ?Populate@ComboBoxUtils@CPP@Sema@@$$FSMXPADP$AAVComboBox@Forms@Windows@System@@HH@Z 1000226c f   FormUtils.obj
 0001:000012ec       ?GetHexRecordLen@THexUtils@CPP@Sema@@$$FA$AAMHP$AAVString@System@@@Z 100022ec f   Hexreader.obj
 0001:0000130c       ?GetHexRecordType@THexUtils@CPP@Sema@@$$FA$AAMHP$AAVString@System@@@Z 1000230c f   Hexreader.obj
 0001:0000132c       ?GetHexRecordOffset@THexUtils@CPP@Sema@@$$FA$AAMHP$AAVString@System@@@Z 1000232c f   Hexreader.obj
 0001:0000134c       ?AddHexChecksum@THexUtils@CPP@Sema@@$$FCMP$AAVString@System@@P$AAV45@@Z 1000234c f   Hexreader.obj
 0001:000013c4       ?ChkHexRecordChecksum@THexUtils@CPP@Sema@@$$FA$AAM_NP$AAVString@System@@@Z 100023c4 f   Hexreader.obj
 0001:00001440       ?GetHexExtLinAddr@THexUtils@CPP@Sema@@$$FA$AAMIP$AAVString@System@@@Z 10002440 f   Hexreader.obj
 0001:00001460       ?OpenFile@THexUtils@CPP@Sema@@$$FA$AAM_NP$AAVString@System@@@Z 10002460 f   Hexreader.obj
 0001:000014a0       ?CloseFile@THexUtils@CPP@Sema@@$$FA$AAMXXZ 100024a0 f   Hexreader.obj
 0001:000014b8       ?LoadFile@THexUtils@CPP@Sema@@$$FQ$AAM_NP$01AE@Z 100024b8 f   Hexreader.obj
 0001:0000164c       ?WriteFile@THexUtils@CPP@Sema@@$$FSM_NP$AAVString@System@@P$01AEHHP$AAVToolStripProgressBar@Forms@Windows@5@P$AAVProgressBar@785@@Z 1000264c f   Hexreader.obj
 0001:00001898       ??0THexUtils@CPP@Sema@@$$FQ$AAM@P$AAVString@System@@@Z 10002898 f   Hexreader.obj
 0001:000018d0       ??1THexUtils@CPP@Sema@@$$FA$AAM@XZ 100028d0 f   Hexreader.obj
 0001:000018e4       ?<Dispose>@THexUtils@CPP@Sema@@$$FM$AAMX_N@Z 100028e4 f i Hexreader.obj
 0001:00001904       ?<Dispose>@THexUtils@CPP@Sema@@$$FU$AAMXXZ 10002904 f i Hexreader.obj
 0001:00001920       ?PtrToStringChars@@$$FYMP$CB_WP$ABVString@System@@@Z 10002920 f i MSVCURTD:mstartup.obj
 0001:00001940       ?Create@ActivationContext@<CrtImplementationDetails>@@$$FQAMXXZ 10002940 f i MSVCURTD:mstartup.obj
 0001:00001a84       ?Activate@ActivationContext@<CrtImplementationDetails>@@$$FQAMXXZ 10002a84 f i MSVCURTD:mstartup.obj
 0001:00001aa4       ?UninitializeAppDomain@LanguageSupport@<CrtImplementationDetails>@@$$FCMXXZ 10002aa4 f i MSVCURTD:mstartup.obj
 0001:00001ab8       ?DomainUnload@LanguageSupport@<CrtImplementationDetails>@@$$FCMXP$AAVObject@System@@P$AAVEventArgs@4@@Z 10002ab8 f i MSVCURTD:mstartup.obj
 0001:00001ae0       ?Cleanup@LanguageSupport@<CrtImplementationDetails>@@$$FAAMXP$AAVException@System@@@Z 10002ae0 f i MSVCURTD:mstartup.obj
 0001:00001b40       ??0?$gcroot@P$AAVString@System@@@@$$FQAM@XZ 10002b40 f i MSVCURTD:mstartup.obj
 0001:00001b64       ??1?$gcroot@P$AAVString@System@@@@$$FQAM@XZ 10002b64 f i MSVCURTD:mstartup.obj
 0001:00001b8c       ??4?$gcroot@P$AAVString@System@@@@$$FQAMAAU0@P$AAVString@System@@@Z 10002b8c f i MSVCURTD:mstartup.obj
 0001:00001bb4       ??B?$gcroot@P$AAVString@System@@@@$$FQBMP$AAVString@System@@XZ 10002bb4 f i MSVCURTD:mstartup.obj
 0001:00001bdc       ??0ActivationContext@<CrtImplementationDetails>@@$$FQAM@XZ 10002bdc f i MSVCURTD:mstartup.obj
 0001:00001c00       ?DeActivate@ActivationContext@<CrtImplementationDetails>@@$$FQAMXXZ 10002c00 f i MSVCURTD:mstartup.obj
 0001:00001c4c       ?Release@ActivationContext@<CrtImplementationDetails>@@$$FQAMXXZ 10002c4c f i MSVCURTD:mstartup.obj
 0001:00001c70       ?InitializeVtables@LanguageSupport@<CrtImplementationDetails>@@$$FAAMXXZ 10002c70 f i MSVCURTD:mstartup.obj
 0001:00001ca4       ?InitializePerAppDomain@LanguageSupport@<CrtImplementationDetails>@@$$FAAMXXZ 10002ca4 f i MSVCURTD:mstartup.obj
 0001:00001ce0       ?InitializeUninitializer@LanguageSupport@<CrtImplementationDetails>@@$$FAAMXXZ 10002ce0 f i MSVCURTD:mstartup.obj
 0001:00001d10       ??0LanguageSupport@<CrtImplementationDetails>@@$$FQAM@XZ 10002d10 f i MSVCURTD:mstartup.obj
 0001:00001d2c       ??1LanguageSupport@<CrtImplementationDetails>@@$$FQAM@XZ 10002d2c f i MSVCURTD:mstartup.obj
 0001:00001d44       ??1ActivationContext@<CrtImplementationDetails>@@$$FQAM@XZ 10002d44 f i MSVCURTD:mstartup.obj
 0001:00001d8c       ?_Initialize@LanguageSupport@<CrtImplementationDetails>@@$$FAAMXXZ 10002d8c f i MSVCURTD:mstartup.obj
 0001:00001e24       ?Initialize@LanguageSupport@<CrtImplementationDetails>@@$$FQAMXXZ 10002e24 f i MSVCURTD:mstartup.obj
 0001:00001eac       ?.cctor@@$$FYMXXZ          10002eac f   MSVCURTD:mstartup.obj
 0001:00001efc       ?_atexit_m@@$$J0YMHP6MXXZ@Z 10002efc f i MSVCURTD:managdeh.obj
 0001:00001f14       ?atexit@@$$FYMHP6MXXZ@Z    10002f14 f i MSVCURTD:managdeh.obj
 0001:00001f2c       ?__DestructExceptionObject_m@?A0x5c640452@@$$FYMXPAUEHExceptionRecord@@E@Z 10002f2c f   MSVCURTD:managdeh.obj
 0001:00001f90       ?___CxxRegisterExceptionObject@@$$FYMHPAX0@Z 10002f90 f   MSVCURTD:managdeh.obj
 0001:0000205c       ?___CxxDetectRethrow@@$$FYMHPAX@Z 1000305c f   MSVCURTD:managdeh.obj
 0001:000020b8       ?___CxxUnregisterExceptionObject@@$$FYMXPAXH@Z 100030b8 f   MSVCURTD:managdeh.obj
 0001:000021dc       ?___CxxQueryExceptionSize@@$$FYMHXZ 100031dc f   MSVCURTD:managdeh.obj
 0001:000021f0       ?___CxxCallUnwindDtor@@$$J0YMXP6MXPAX@Z0@Z 100031f0 f   MSVCURTD:managdeh.obj
 0001:00002234       ?___CxxCallUnwindDelDtor@@$$J0YMXP6MXPAX@Z0@Z 10003234 f   MSVCURTD:managdeh.obj
 0001:00002278       ?___CxxCallUnwindVecDtor@@$$J0YMXP6MXPAXIHP6MX0@Z@Z0IH1@Z 10003278 f   MSVCURTD:managdeh.obj
 0001:000022c0       ??$TypeMatch@U_s_HandlerType@@$$CBU_s_CatchableType@@$$CBU_s_ThrowInfo@@@?A0x5c640452@@$$FYMHPAU_s_HandlerType@@PBU_s_CatchableType@@PBU_s_ThrowInfo@@@Z 100032c0 f   MSVCURTD:managdeh.obj
 0001:00002330       ??$BuildCatchObjectHelper@U_s_HandlerType@@$$CBU_s_CatchableType@@@?A0x5c640452@@$$FYMHPAUEHExceptionRecord@@PAXPAU_s_HandlerType@@PBU_s_CatchableType@@@Z 10003330 f   MSVCURTD:managdeh.obj
 0001:000024a8       ??$BuildCatchObject@U_s_HandlerType@@$$CBU_s_CatchableType@@@?A0x5c640452@@$$FYMXPAUEHExceptionRecord@@PAXPAU_s_HandlerType@@PBU_s_CatchableType@@@Z 100034a8 f   MSVCURTD:managdeh.obj
 0001:00002540       ?___CxxExceptionFilter@@$$FYMHPAX0H0@Z 10003540 f   MSVCURTD:managdeh.obj
 0001:00002698       ?_handle@AtExitLock@<CrtImplementationDetails>@@$$FCMP$AAVGCHandle@InteropServices@Runtime@System@@XZ 10003698 f i MSVCURTD:msilexit.obj
 0001:000026cc       ?_lock_Set@AtExitLock@<CrtImplementationDetails>@@$$FCMXP$AAVObject@System@@@Z 100036cc f i MSVCURTD:msilexit.obj
 0001:0000271c       ?_lock_Get@AtExitLock@<CrtImplementationDetails>@@$$FCMP$AAVObject@System@@XZ 1000371c f i MSVCURTD:msilexit.obj
 0001:00002748       ?_lock_Destruct@AtExitLock@<CrtImplementationDetails>@@$$FCMXXZ 10003748 f i MSVCURTD:msilexit.obj
 0001:00002774       ?IsInitialized@AtExitLock@<CrtImplementationDetails>@@$$FSM_NXZ 10003774 f i MSVCURTD:msilexit.obj
 0001:00002790       ?RemoveRef@AtExitLock@<CrtImplementationDetails>@@$$FSMXXZ 10003790 f i MSVCURTD:msilexit.obj
 0001:000027e0       ?Enter@AtExitLock@<CrtImplementationDetails>@@$$FSMXXZ 100037e0 f i MSVCURTD:msilexit.obj
 0001:000027f8       ?Exit@AtExitLock@<CrtImplementationDetails>@@$$FSMXXZ 100037f8 f i MSVCURTD:msilexit.obj
 0001:00002810       ?__global_lock@?A0xc4f9df4a@@$$FYM_NXZ 10003810 f   MSVCURTD:msilexit.obj
 0001:00002830       ?__global_unlock@?A0xc4f9df4a@@$$FYM_NXZ 10003830 f   MSVCURTD:msilexit.obj
 0001:00002850       ?__dealloc_global_lock@?A0xc4f9df4a@@$$FYMXXZ 10003850 f   MSVCURTD:msilexit.obj
 0001:00002864       ?_atexit_helper@@$$J0YMHP6MXXZPAIPAPAP6MXXZ2@Z 10003864 f   MSVCURTD:msilexit.obj
 0001:000029d4       ?_app_exit_callback@@$$J0YMXXZ 100039d4 f   MSVCURTD:msilexit.obj
 0001:00002ab4       ?_atexit_m_appdomain@@$$J0YMHP6MXXZ@Z 10003ab4 f   MSVCURTD:msilexit.obj
 0001:00002ae0       ?_lock_Construct@AtExitLock@<CrtImplementationDetails>@@$$FCMXP$AAVObject@System@@@Z 10003ae0 f i MSVCURTD:msilexit.obj
 0001:00002afc       ?AddRef@AtExitLock@<CrtImplementationDetails>@@$$FSMXXZ 10003afc f i MSVCURTD:msilexit.obj
 0001:00002b2c       ?__alloc_global_lock@?A0xc4f9df4a@@$$FYM_NXZ 10003b2c f   MSVCURTD:msilexit.obj
 0001:00002b48       ?_initatexit_app_domain@@$$J0YMHXZ 10003b48 f   MSVCURTD:msilexit.obj
 0001:00002b9c       ?_onexit_m_appdomain@@$$J0YMP6MHXZP6MHXZ@Z 10003b9c f   MSVCURTD:msilexit.obj
 0001:00002bb8       ?Handle@ThisModule@<CrtImplementationDetails>@@$$FCM?AVModuleHandle@System@@XZ 10003bb8 f i MSVCURTD:puremsilcode.obj
 0001:00002bdc       ??$ResolveMethod@$$A6MPBXXZ@ThisModule@<CrtImplementationDetails>@@$$FSMP6MPBXXZP6MPBXXZ@Z 10003bdc f i MSVCURTD:puremsilcode.obj
 0001:00002c0c       ?_initterm_m@@$$FYMXPBQ6MPBXXZ0@Z 10003c0c f   MSVCURTD:puremsilcode.obj
 0001:00002c38       ?_invoke_watson_if_error@@$$J0YMXHPB_W00II@Z 10003c38 f i MSVCURTD:ti_inst.obj
 0001:00002c58       ??8type_info@@$$FQBM_NABV0@@Z 10003c58 f   MSVCURTD:ti_inst.obj
 0001:00002c7c       ??9type_info@@$$FQBM_NABV0@@Z 10003c7c f   MSVCURTD:ti_inst.obj
 0001:00002ca0       ?before@type_info@@$$FQBMHABV1@@Z 10003ca0 f   MSVCURTD:ti_inst.obj
 0001:00002cc4       ?raw_name@type_info@@$$FQBMPBDXZ 10003cc4 f   MSVCURTD:ti_inst.obj
 0001:00002cd8       ?_Type_info_dtor@type_info@@$$FCMXPAV1@@Z 10003cd8 f   MSVCURTD:ti_inst.obj
 0001:00002db0       ?_Name_base@type_info@@$$FCMPBDPBV1@PAU__type_info_node@@@Z 10003db0 f   MSVCURTD:ti_inst.obj
 0001:00002ed4       ?__clean_type_info_names_internal@@$$FYMXPAU__type_info_node@@@Z 10003ed4 f   MSVCURTD:ti_inst.obj
 0001:00002f68       ?__clean_type_info_names@@$$J0YMXXZ 10003f68 f   MSVCURTD:ti_inst.obj
 0001:00002f80       ?name@type_info@@$$FQBMPBDPAU__type_info_node@@@Z 10003f80 f   MSVCURTD:ti_inst.obj
 0001:00002f98       ??1type_info@@$$FUAM@XZ    10003f98 f   MSVCURTD:ti_inst.obj
 0001:00002fb4       ??_Etype_info@@$$FUAMPAXI@Z 10003fb4 f i MSVCURTD:ti_inst.obj
 0001:00003000       ??_V@$$FYMXPAX@Z           10004000 f   MSVCURTD:delete2.obj
 0001:00003014       ?ArrayUnwindFilter@?A0x978cd4c1@@$$FYMHPAU_EXCEPTION_POINTERS@@@Z 10004014 f   MSVCURTD:mehvecdtr.obj
 0001:00003038       ?__ArrayUnwind@@$$FYMXPAXIHP6MX0@Z@Z 10004038 f   MSVCURTD:mehvecdtr.obj
 0001:0000308c       ??_M@$$FYMXPAXIHP6MX0@Z@Z  1000408c f   MSVCURTD:mehvecdtr.obj
 0001:000030f0       ???__E?A0xf084536d@SA_Yes@@YMXXZ@?A0xf084536d@@$$FYMXXZ 100040f0 f i MSVCURTD:mstartup.obj
 0001:00003108       ???__E?A0xf084536d@SA_No@@YMXXZ@?A0xf084536d@@$$FYMXXZ 10004108 f i MSVCURTD:mstartup.obj
 0001:00003120       ???__E?A0xf084536d@SA_Maybe@@YMXXZ@?A0xf084536d@@$$FYMXXZ 10004120 f i MSVCURTD:mstartup.obj
 0001:00003138       ???__E?A0xf084536d@SA_NoAccess@@YMXXZ@?A0xf084536d@@$$FYMXXZ 10004138 f i MSVCURTD:mstartup.obj
 0001:0000314c       ???__E?A0xf084536d@SA_Read@@YMXXZ@?A0xf084536d@@$$FYMXXZ 1000414c f i MSVCURTD:mstartup.obj
 0001:00003160       ???__E?A0xf084536d@SA_Write@@YMXXZ@?A0xf084536d@@$$FYMXXZ 10004160 f i MSVCURTD:mstartup.obj
 0001:00003174       ???__E?A0xf084536d@SA_ReadWrite@@YMXXZ@?A0xf084536d@@$$FYMXXZ 10004174 f i MSVCURTD:mstartup.obj
 0001:00003188       ???__E?A0xf084536d@_HUGE@@YMXXZ@?A0xf084536d@@$$FYMXXZ 10004188 f i MSVCURTD:mstartup.obj
 0001:000031a4       ???__E?Initialized@CurrentDomain@<CrtImplementationDetails>@@$$Q2HA@@YMXXZ@?A0xf084536d@@$$FYMXXZ 100041a4 f i MSVCURTD:mstartup.obj
 0001:000031b8       ???__E?Uninitialized@CurrentDomain@<CrtImplementationDetails>@@$$Q2HA@@YMXXZ@?A0xf084536d@@$$FYMXXZ 100041b8 f i MSVCURTD:mstartup.obj
 0001:000031cc       ???__E?IsDefaultDomain@CurrentDomain@<CrtImplementationDetails>@@$$Q2_NA@@YMXXZ@?A0xf084536d@@$$FYMXXZ 100041cc f i MSVCURTD:mstartup.obj
 0001:000031e0       ???__E?InitializedVtables@CurrentDomain@<CrtImplementationDetails>@@$$Q2W4State@Progress@2@A@@YMXXZ@?A0xf084536d@@$$FYMXXZ 100041e0 f i MSVCURTD:mstartup.obj
 0001:000031f4       ???__E?InitializedNative@CurrentDomain@<CrtImplementationDetails>@@$$Q2W4State@Progress@2@A@@YMXXZ@?A0xf084536d@@$$FYMXXZ 100041f4 f i MSVCURTD:mstartup.obj
 0001:00003208       ???__E?InitializedPerProcess@CurrentDomain@<CrtImplementationDetails>@@$$Q2W4State@Progress@2@A@@YMXXZ@?A0xf084536d@@$$FYMXXZ 10004208 f i MSVCURTD:mstartup.obj
 0001:0000321c       ???__E?InitializedPerAppDomain@CurrentDomain@<CrtImplementationDetails>@@$$Q2W4State@Progress@2@A@@YMXXZ@?A0xf084536d@@$$FYMXXZ 1000421c f i MSVCURTD:mstartup.obj
 0001:00003230       ???__E?A0xf084536d@HUGE@@YMXXZ@?A0xf084536d@@$$FYMXXZ 10004230 f i MSVCURTD:mstartup.obj
 0001:00003248       ???__E?A0x5c640452@SA_Yes@@YMXXZ@?A0x5c640452@@$$FYMXXZ 10004248 f i MSVCURTD:managdeh.obj
 0001:00003260       ???__E?A0x5c640452@SA_No@@YMXXZ@?A0x5c640452@@$$FYMXXZ 10004260 f i MSVCURTD:managdeh.obj
 0001:00003278       ???__E?A0x5c640452@SA_Maybe@@YMXXZ@?A0x5c640452@@$$FYMXXZ 10004278 f i MSVCURTD:managdeh.obj
 0001:00003290       ???__E?A0x5c640452@SA_NoAccess@@YMXXZ@?A0x5c640452@@$$FYMXXZ 10004290 f i MSVCURTD:managdeh.obj
 0001:000032a4       ???__E?A0x5c640452@SA_Read@@YMXXZ@?A0x5c640452@@$$FYMXXZ 100042a4 f i MSVCURTD:managdeh.obj
 0001:000032b8       ???__E?A0x5c640452@SA_Write@@YMXXZ@?A0x5c640452@@$$FYMXXZ 100042b8 f i MSVCURTD:managdeh.obj
 0001:000032cc       ???__E?A0x5c640452@SA_ReadWrite@@YMXXZ@?A0x5c640452@@$$FYMXXZ 100042cc f i MSVCURTD:managdeh.obj
 0001:000032e0       ???__E?A0xc10593d2@SA_Yes@@YMXXZ@?A0xc10593d2@@$$FYMXXZ 100042e0 f i MSVCURTD:crtmanifestrtm.obj
 0001:000032f8       ???__E?A0xc10593d2@SA_No@@YMXXZ@?A0xc10593d2@@$$FYMXXZ 100042f8 f i MSVCURTD:crtmanifestrtm.obj
 0001:00003310       ???__E?A0xc10593d2@SA_Maybe@@YMXXZ@?A0xc10593d2@@$$FYMXXZ 10004310 f i MSVCURTD:crtmanifestrtm.obj
 0001:00003328       ???__E?A0xc10593d2@SA_NoAccess@@YMXXZ@?A0xc10593d2@@$$FYMXXZ 10004328 f i MSVCURTD:crtmanifestrtm.obj
 0001:0000333c       ???__E?A0xc10593d2@SA_Read@@YMXXZ@?A0xc10593d2@@$$FYMXXZ 1000433c f i MSVCURTD:crtmanifestrtm.obj
 0001:00003350       ???__E?A0xc10593d2@SA_Write@@YMXXZ@?A0xc10593d2@@$$FYMXXZ 10004350 f i MSVCURTD:crtmanifestrtm.obj
 0001:00003364       ???__E?A0xc10593d2@SA_ReadWrite@@YMXXZ@?A0xc10593d2@@$$FYMXXZ 10004364 f i MSVCURTD:crtmanifestrtm.obj
 0001:00003378       ???__E_forceCRTManifestRTM@@YMXXZ@?A0xc10593d2@@$$FYMXXZ 10004378 f i MSVCURTD:crtmanifestrtm.obj
 0001:0000338c       ???__E?A0xc4f9df4a@SA_Yes@@YMXXZ@?A0xc4f9df4a@@$$FYMXXZ 1000438c f i MSVCURTD:msilexit.obj
 0001:000033a4       ???__E?A0xc4f9df4a@SA_No@@YMXXZ@?A0xc4f9df4a@@$$FYMXXZ 100043a4 f i MSVCURTD:msilexit.obj
 0001:000033bc       ???__E?A0xc4f9df4a@SA_Maybe@@YMXXZ@?A0xc4f9df4a@@$$FYMXXZ 100043bc f i MSVCURTD:msilexit.obj
 0001:000033d4       ???__E?A0xc4f9df4a@SA_NoAccess@@YMXXZ@?A0xc4f9df4a@@$$FYMXXZ 100043d4 f i MSVCURTD:msilexit.obj
 0001:000033e8       ???__E?A0xc4f9df4a@SA_Read@@YMXXZ@?A0xc4f9df4a@@$$FYMXXZ 100043e8 f i MSVCURTD:msilexit.obj
 0001:000033fc       ???__E?A0xc4f9df4a@SA_Write@@YMXXZ@?A0xc4f9df4a@@$$FYMXXZ 100043fc f i MSVCURTD:msilexit.obj
 0001:00003410       ???__E?A0xc4f9df4a@SA_ReadWrite@@YMXXZ@?A0xc4f9df4a@@$$FYMXXZ 10004410 f i MSVCURTD:msilexit.obj
 0001:00003424       ???__E?A0xc209b7c8@SA_Yes@@YMXXZ@?A0xc209b7c8@@$$FYMXXZ 10004424 f i MSVCURTD:puremsilcode.obj
 0001:0000343c       ???__E?A0xc209b7c8@SA_No@@YMXXZ@?A0xc209b7c8@@$$FYMXXZ 1000443c f i MSVCURTD:puremsilcode.obj
 0001:00003454       ???__E?A0xc209b7c8@SA_Maybe@@YMXXZ@?A0xc209b7c8@@$$FYMXXZ 10004454 f i MSVCURTD:puremsilcode.obj
 0001:0000346c       ???__E?A0xc209b7c8@SA_NoAccess@@YMXXZ@?A0xc209b7c8@@$$FYMXXZ 1000446c f i MSVCURTD:puremsilcode.obj
 0001:00003480       ???__E?A0xc209b7c8@SA_Read@@YMXXZ@?A0xc209b7c8@@$$FYMXXZ 10004480 f i MSVCURTD:puremsilcode.obj
 0001:00003494       ???__E?A0xc209b7c8@SA_Write@@YMXXZ@?A0xc209b7c8@@$$FYMXXZ 10004494 f i MSVCURTD:puremsilcode.obj
 0001:000034a8       ???__E?A0xc209b7c8@SA_ReadWrite@@YMXXZ@?A0xc209b7c8@@$$FYMXXZ 100044a8 f i MSVCURTD:puremsilcode.obj
 0001:000034bc       ???__E?A0xdf9a6c9d@SA_Yes@@YMXXZ@?A0xdf9a6c9d@@$$FYMXXZ 100044bc f i MSVCURTD:ti_inst.obj
 0001:000034d4       ???__E?A0xdf9a6c9d@SA_No@@YMXXZ@?A0xdf9a6c9d@@$$FYMXXZ 100044d4 f i MSVCURTD:ti_inst.obj
 0001:000034ec       ???__E?A0xdf9a6c9d@SA_Maybe@@YMXXZ@?A0xdf9a6c9d@@$$FYMXXZ 100044ec f i MSVCURTD:ti_inst.obj
 0001:00003504       ???__E?A0xdf9a6c9d@SA_NoAccess@@YMXXZ@?A0xdf9a6c9d@@$$FYMXXZ 10004504 f i MSVCURTD:ti_inst.obj
 0001:00003518       ???__E?A0xdf9a6c9d@SA_Read@@YMXXZ@?A0xdf9a6c9d@@$$FYMXXZ 10004518 f i MSVCURTD:ti_inst.obj
 0001:0000352c       ???__E?A0xdf9a6c9d@SA_Write@@YMXXZ@?A0xdf9a6c9d@@$$FYMXXZ 1000452c f i MSVCURTD:ti_inst.obj
 0001:00003540       ???__E?A0xdf9a6c9d@SA_ReadWrite@@YMXXZ@?A0xdf9a6c9d@@$$FYMXXZ 10004540 f i MSVCURTD:ti_inst.obj
 0001:00003554       ???__E??_R0?AVtype_info@@@8@@YMXXZ@?A0xdf9a6c9d@@$$FYMXXZ 10004554 f i MSVCURTD:ti_inst.obj
 0001:00003588       ???__E??_R1A@?0A@EA@type_info@@8@@YMXXZ@?A0xdf9a6c9d@@$$FYMXXZ 10004588 f i MSVCURTD:ti_inst.obj
 0001:000035e0       ???__E??_R2type_info@@8@@YMXXZ@?A0xdf9a6c9d@@$$FYMXXZ 100045e0 f i MSVCURTD:ti_inst.obj
 0001:000035f8       ???__E??_R3type_info@@8@@YMXXZ@?A0xdf9a6c9d@@$$FYMXXZ 100045f8 f i MSVCURTD:ti_inst.obj
 0001:0000362c       ???__E??_R4type_info@@6B@@@YMXXZ@?A0xdf9a6c9d@@$$FYMXXZ 1000462c f i MSVCURTD:ti_inst.obj
 0001:00003670       ???__E??_7type_info@@6B@@@YMXXZ@?A0xdf9a6c9d@@$$FYMXXZ 10004670 f i MSVCURTD:ti_inst.obj
 0001:00003698       ???__E?A0x8c1cb4ef@SA_Yes@@YMXXZ@?A0x8c1cb4ef@@$$FYMXXZ 10004698 f i MSVCURTD:delete2.obj
 0001:000036b0       ???__E?A0x8c1cb4ef@SA_No@@YMXXZ@?A0x8c1cb4ef@@$$FYMXXZ 100046b0 f i MSVCURTD:delete2.obj
 0001:000036c8       ???__E?A0x8c1cb4ef@SA_Maybe@@YMXXZ@?A0x8c1cb4ef@@$$FYMXXZ 100046c8 f i MSVCURTD:delete2.obj
 0001:000036e0       ???__E?A0x8c1cb4ef@SA_NoAccess@@YMXXZ@?A0x8c1cb4ef@@$$FYMXXZ 100046e0 f i MSVCURTD:delete2.obj
 0001:000036f4       ???__E?A0x8c1cb4ef@SA_Read@@YMXXZ@?A0x8c1cb4ef@@$$FYMXXZ 100046f4 f i MSVCURTD:delete2.obj
 0001:00003708       ???__E?A0x8c1cb4ef@SA_Write@@YMXXZ@?A0x8c1cb4ef@@$$FYMXXZ 10004708 f i MSVCURTD:delete2.obj
 0001:0000371c       ???__E?A0x8c1cb4ef@SA_ReadWrite@@YMXXZ@?A0x8c1cb4ef@@$$FYMXXZ 1000471c f i MSVCURTD:delete2.obj
 0001:00003730       ???__E?A0x978cd4c1@SA_Yes@@YMXXZ@?A0x978cd4c1@@$$FYMXXZ 10004730 f i MSVCURTD:mehvecdtr.obj
 0001:00003748       ???__E?A0x978cd4c1@SA_No@@YMXXZ@?A0x978cd4c1@@$$FYMXXZ 10004748 f i MSVCURTD:mehvecdtr.obj
 0001:00003760       ???__E?A0x978cd4c1@SA_Maybe@@YMXXZ@?A0x978cd4c1@@$$FYMXXZ 10004760 f i MSVCURTD:mehvecdtr.obj
 0001:00003778       ???__E?A0x978cd4c1@SA_NoAccess@@YMXXZ@?A0x978cd4c1@@$$FYMXXZ 10004778 f i MSVCURTD:mehvecdtr.obj
 0001:0000378c       ???__E?A0x978cd4c1@SA_Read@@YMXXZ@?A0x978cd4c1@@$$FYMXXZ 1000478c f i MSVCURTD:mehvecdtr.obj
 0001:000037a0       ???__E?A0x978cd4c1@SA_Write@@YMXXZ@?A0x978cd4c1@@$$FYMXXZ 100047a0 f i MSVCURTD:mehvecdtr.obj
 0001:000037b4       ???__E?A0x978cd4c1@SA_ReadWrite@@YMXXZ@?A0x978cd4c1@@$$FYMXXZ 100047b4 f i MSVCURTD:mehvecdtr.obj
 0002:00000234       ??_C@_0O@JKAFBCMB@CreateActCtxW?$AA@ 10005234     MSVCURTD:mstartup.obj
 0002:00000244       ??_C@_1BC@EKMDCNOB@?$AAK?$AAE?$AAR?$AAN?$AAE?$AAL?$AA3?$AA2?$AA?$AA@ 10005244     MSVCURTD:mstartup.obj
 0002:00000258       ??_C@_1CI@IDCGDBOP@?$AAp?$AAN?$AAo?$AAd?$AAe?$AA?9?$AA?$DO?$AAn?$AAe?$AAx?$AAt?$AA?5?$AA?$CB?$AA?$DN?$AA?5?$AAN?$AAU?$AAL?$AAL?$AA?$AA@ 10005258     MSVCURTD:ti_inst.obj
 0002:00000280       ??_C@_1GG@MEEIPBGD@?$AAf?$AA?3?$AA?2?$AAd?$AAd?$AA?2?$AAv?$AAc?$AAt?$AAo?$AAo?$AAl?$AAs?$AA?2?$AAc?$AAr?$AAt?$AA_?$AAb?$AAl?$AAd?$AA?2?$AAs?$AAe?$AAl?$AAf?$AA_?$AAx?$AA8?$AA6?$AA?2?$AAc@ 10005280     MSVCURTD:ti_inst.obj
 0002:000002e8       ??_C@_1CM@OOICDMK@?$AAt?$AAy?$AAp?$AAe?$AA_?$AAi?$AAn?$AAf?$AAo?$AA?3?$AA?3?$AA_?$AAN?$AAa?$AAm?$AAe?$AA_?$AAb?$AAa?$AAs?$AAe?$AA?$AA@ 100052e8     MSVCURTD:ti_inst.obj
 0002:00000318       ??_C@_1JK@MLBKHELP@?$AAs?$AAt?$AAr?$AAc?$AAp?$AAy?$AA_?$AAs?$AA?5?$AA?$CI?$AA?$CI?$AAc?$AAh?$AAa?$AAr?$AA?5?$AA?$CK?$AA?$CJ?$AA?$CI?$AA?$CI?$AAt?$AAy?$AAp?$AAe?$AA_?$AAi?$AAn?$AAf?$AAo?$AA?5?$AA?$CK?$AA?$CJ@ 10005318     MSVCURTD:ti_inst.obj
 0002:000003b4       ??_C@_0BA@NOJDBDJO@?4?$DPAVtype_info?$EA?$EA?$AA@ 100053b4     MSVCURTD:ti_inst.obj

 entry point at        0000:00000000

 Static symbols

 0001:000001dc       __catch$?set@Baudrate@TSerialCommsPrimitive@Serial@Comms@CPP@Sema@@$$FQ$AAMXH@Z$0 100011dc f   comms.obj
 0001:00000278       __catch$?OpenComm@TSerialCommsPrimitive@Serial@Comms@CPP@Sema@@$$FU$AAM?AW4TSerialCommsResults@2345@P$AAVString@System@@@Z$0 10001278 f   comms.obj
 0001:000002c7       __catch$?CloseComm@TSerialCommsPrimitive@Serial@Comms@CPP@Sema@@$$FU$AAM?AW4TSerialCommsResults@2345@XZ$0 100012c7 f   comms.obj
 0001:000004d7       __catch$?TransmitMessage@TGeneralSerialComms@Serial@Comms@CPP@Sema@@$$FA$AAM?AW4TSerialCommsResults@2345@XZ$0 100014d7 f   comms.obj
 0001:000006e7       __catch$?ReceiveMessage@TGeneralSerialComms@Serial@Comms@CPP@Sema@@$$FA$AAM?AW4TSerialCommsResults@2345@HH@Z$0 100016e7 f   comms.obj
 0001:000007b3       __catch$?SendMessage@TGeneralSerialComms@Serial@Comms@CPP@Sema@@$$FA$AAM?AW4TSerialCommsResults@2345@HH@Z$0 100017b3 f   comms.obj
 0001:0000092d       __catch$?ReadMemory@TGeneralSerialComms@Serial@Comms@CPP@Sema@@$$FU$AAM?AW4TSerialCommsResults@2345@W4TMemArea@2345@HHPAE@Z$0 1000192d f   comms.obj
 0001:00000aa8       __catch$?ReadMemory@TGeneralSerialComms@Serial@Comms@CPP@Sema@@$$FU$AAM?AW4TSerialCommsResults@2345@W4TMemArea@2345@HHP$01AE@Z$0 10001aa8 f   comms.obj
 0001:00000c21       __catch$?WriteMemory@TGeneralSerialComms@Serial@Comms@CPP@Sema@@$$FU$AAM?AW4TSerialCommsResults@2345@W4TMemArea@2345@HHPAE@Z$0 10001c21 f   comms.obj
 0001:00000d98       __catch$?WriteMemory@TGeneralSerialComms@Serial@Comms@CPP@Sema@@$$FU$AAM?AW4TSerialCommsResults@2345@W4TMemArea@2345@HHP$01AE@Z$0 10001d98 f   comms.obj
 0001:00000e45       __catch$?EraseFlash@TGeneralSerialComms@Serial@Comms@CPP@Sema@@$$FU$AAM?AW4TSerialCommsResults@2345@W4TMemArea@2345@H@Z$0 10001e45 f   comms.obj
 0001:00000ebb       __catch$?SetAutoComms@TGeneralSerialComms@Serial@Comms@CPP@Sema@@$$FU$AAM?AW4TSerialCommsResults@2345@HE@Z$0 10001ebb f   comms.obj
 0001:00000f1d       __catch$?Ping@TGeneralSerialComms@Serial@Comms@CPP@Sema@@$$FU$AAM?AW4TSerialCommsResults@2345@XZ$0 10001f1d f   comms.obj
 0001:000011b2       __catch$?ShowMemBuffer@TextBoxUtils@CPP@Sema@@$$FSMXP$01AEP$AAVTextBox@Forms@Windows@System@@P$AAVToolStripProgressBar@567@P$AAVProgressBar@567@HH@Z$0 100021b2 f   FormUtils.obj
 0001:00001234       __catch$?PopulateListView@ListViewUtils@CPP@Sema@@$$FSMXPADP$AAVListView@Forms@Windows@System@@HH@Z$0 10002234 f   FormUtils.obj
 0001:000012b3       __catch$?Populate@ComboBoxUtils@CPP@Sema@@$$FSMXPADP$AAVComboBox@Forms@Windows@System@@HH@Z$0 100022b3 f   FormUtils.obj
 0001:000017ed       __catch$?WriteFile@THexUtils@CPP@Sema@@$$FSM_NP$AAVString@System@@P$01AEHHP$AAVToolStripProgressBar@Forms@Windows@5@P$AAVProgressBar@785@@Z$0 100027ed f   Hexreader.obj
 0001:000017ed       $LN19                      100027ed f   Hexreader.obj
 0001:00001804       $LN39                      10002804 f   Hexreader.obj
 0001:0000181b       __catch$?WriteFile@THexUtils@CPP@Sema@@$$FSM_NP$AAVString@System@@P$01AEHHP$AAVToolStripProgressBar@Forms@Windows@5@P$AAVProgressBar@785@@Z$1 1000281b f   Hexreader.obj
 0001:0000181b       $LN23                      1000281b f   Hexreader.obj
 0001:0000182c       $LN42                      1000282c f   Hexreader.obj
 0001:00001837       __catch$?WriteFile@THexUtils@CPP@Sema@@$$FSM_NP$AAVString@System@@P$01AEHHP$AAVToolStripProgressBar@Forms@Windows@5@P$AAVProgressBar@785@@Z$2 10002837 f   Hexreader.obj
 0001:00001a44       __catch$?Create@ActivationContext@<CrtImplementationDetails>@@$$FQAMXXZ$0 10002a44 f i MSVCURTD:mstartup.obj
 0001:00001af7       __catch$?Cleanup@LanguageSupport@<CrtImplementationDetails>@@$$FAAMXP$AAVException@System@@@Z$0 10002af7 f i MSVCURTD:mstartup.obj
 0001:00001b01       __catch$?Cleanup@LanguageSupport@<CrtImplementationDetails>@@$$FAAMXP$AAVException@System@@@Z$1 10002b01 f i MSVCURTD:mstartup.obj
 0001:00001e48       __catch$?Initialize@LanguageSupport@<CrtImplementationDetails>@@$$FQAMXXZ$0 10002e48 f i MSVCURTD:mstartup.obj
 0001:00001e5e       __catch$?Initialize@LanguageSupport@<CrtImplementationDetails>@@$$FQAMXXZ$1 10002e5e f i MSVCURTD:mstartup.obj
 0001:0000290f       __catch$?_atexit_helper@@$$J0YMHP6MXXZPAIPAPAP6MXXZ2@Z$0 1000390f f   MSVCURTD:msilexit.obj
 0001:00002968       __catch$?_atexit_helper@@$$J0YMHP6MXXZPAIPAPAP6MXXZ2@Z$2 10003968 f   MSVCURTD:msilexit.obj
 0001:00002971       __catch$?_atexit_helper@@$$J0YMHP6MXXZPAIPAPAP6MXXZ2@Z$3 10003971 f   MSVCURTD:msilexit.obj
